Archive member included to satisfy reference by file (symbol)

../../../segalib/lib/libsat.a(mth_fixd.o)
                              smpscl3.o (MTH_Div)
../../../segalib/lib/libsat.a(per_prt.o)
                              ../../v_blank/set_vb.o (PER_Init)
../../../segalib/lib/libsat.a(scl_func.o)
                              smpscl3.o (SCL_Vdp2Init)
../../../segalib/lib/libsat.a(scl_fu03.o)
                              smpscl3.o (SCL_InitConfigTb)
../../../segalib/lib/libsat.a(scl_fu04.o)
                              smpscl3.o (SCL_SetCycleTable)
../../../segalib/lib/libsat.a(scl_fu05.o)
                              smpscl3.o (SCL_InitLineParamTb)
../../../segalib/lib/libsat.a(scl_pri.o)
                              ../../../segalib/lib/libsat.a(scl_func.o) (SCL_PriorityInit)
../../../segalib/lib/libsat.a(scl_ro00.o)
                              ../../../segalib/lib/libsat.a(scl_func.o) (SCL_Rotate)
../../../segalib/lib/libsat.a(scl_vblv.o)
                              smpscl3.o (SCL_SetFrameInterval)
../../../segalib/lib/libsat.a(scl_pr02.o)
                              ../../../segalib/lib/libsat.a(scl_pri.o) (SCL_SetColRam)
../../../segalib/lib/libsat.a(scl_pr03.o)
                              scldata.o (SCL_AllocColRam)
../../../segalib/lib/libsat.a(scl_pr05.o)
                              ../../../segalib/lib/libsat.a(scl_pr02.o) (SCL_GetColRamOffset)
../../../segalib/lib/libsat.a(scl_pr06.o)
                              ../../../segalib/lib/libsat.a(scl_pr03.o) (SCL_SetColRamOffset)
../../../segalib/lib/libsat.a(scl_pr07.o)
                              smpscl3.o (SCL_SetPriority)
../../../segalib/lib/libsat.a(mth_tri.o)
                              ../../../segalib/lib/libsat.a(scl_ro00.o) (fsin)
../../../segalib/lib/libsat.a(spr_1c.o)
                              ../../../segalib/lib/libsat.a(scl_vblv.o) (SpTvMode)
c:/saturn/gcc84/bin/../lib/gcc/sh-elf/8.4.0\libgcc.a(_ashiftrt.o)
                              ../../../segalib/lib/libsat.a(scl_ro00.o) (__ashiftrt_r4_24)
c:/saturn/gcc84/bin/../lib/gcc/sh-elf/8.4.0\libgcc.a(_ashiftlt.o)
                              ../../../segalib/lib/libsat.a(scl_fu03.o) (__ashlsi3_r0)
c:/saturn/gcc84/bin/../lib/gcc/sh-elf/8.4.0\libgcc.a(_udivsi3.o)
                              ../../../segalib/lib/libsat.a(scl_fu03.o) (__udivsi3)
c:/saturn/gcc84/bin/../lib/gcc/sh-elf/8.4.0\libgcc.a(_mul_df.o)
                              smpscl3.o (__muldf3)
c:/saturn/gcc84/bin/../lib/gcc/sh-elf/8.4.0\libgcc.a(_si_to_df.o)
                              smpscl3.o (__floatsidf)
c:/saturn/gcc84/bin/../lib/gcc/sh-elf/8.4.0\libgcc.a(_df_to_si.o)
                              smpscl3.o (__fixdfsi)
c:/saturn/gcc84/bin/../lib/gcc/sh-elf/8.4.0\libgcc.a(_thenan_df.o)
                              c:/saturn/gcc84/bin/../lib/gcc/sh-elf/8.4.0\libgcc.a(_mul_df.o) (__thenan_df)
c:/saturn/gcc84/bin/../lib/gcc/sh-elf/8.4.0\libgcc.a(_lshiftrt.o)
                              c:/saturn/gcc84/bin/../lib/gcc/sh-elf/8.4.0\libgcc.a(_si_to_df.o) (__lshrsi3_r0)
c:/saturn/gcc84/bin/../lib/gcc/sh-elf/8.4.0\libgcc.a(_clzsi2.o)
                              c:/saturn/gcc84/bin/../lib/gcc/sh-elf/8.4.0\libgcc.a(_si_to_df.o) (__clzsi2)
c:/saturn/gcc84/bin/../lib/gcc/sh-elf/8.4.0\libgcc.a(_pack_df.o)
                              c:/saturn/gcc84/bin/../lib/gcc/sh-elf/8.4.0\libgcc.a(_mul_df.o) (__pack_d)
c:/saturn/gcc84/bin/../lib/gcc/sh-elf/8.4.0\libgcc.a(_unpack_df.o)
                              c:/saturn/gcc84/bin/../lib/gcc/sh-elf/8.4.0\libgcc.a(_mul_df.o) (__unpack_d)
c:/saturn/gcc84/bin/../lib/gcc/sh-elf/8.4.0\libgcc.a(_clz.o)
                              c:/saturn/gcc84/bin/../lib/gcc/sh-elf/8.4.0\libgcc.a(_clzsi2.o) (__clz_tab)

Allocating common symbols
Common symbol       size              file

SclRbgKtbAddr       0x8               ../../../segalib/lib/libsat.a(scl_func.o)
SclRb               0x1               ../../../segalib/lib/libsat.a(scl_func.o)
SpScreenY           0x4               ../../../segalib/lib/libsat.a(spr_1c.o)
SclK_TableBuff      0xcd0             ../../../segalib/lib/libsat.a(scl_func.o)
SpFbcrMode          0x2               ../../../segalib/lib/libsat.a(spr_1c.o)
SclAutoEndBlue2     0x2               ../../../segalib/lib/libsat.a(scl_pri.o)
SclRotregBuff       0x100             ../../../segalib/lib/libsat.a(scl_func.o)
SclColOffset        0x10              ../../../segalib/lib/libsat.a(scl_pri.o)
SclAddrCsTbl        0x8               ../../../segalib/lib/libsat.a(scl_func.o)
SclPriBuffDirty     0x4               ../../../segalib/lib/libsat.a(scl_pri.o)
SclAutoEndRed       0x2               ../../../segalib/lib/libsat.a(scl_pri.o)
PadWorkArea         0x1c              ../../v_blank/v_blank.o
SclAutoSurface      0x4               ../../../segalib/lib/libsat.a(scl_pri.o)
SclCsx              0x8               ../../../segalib/lib/libsat.a(scl_ro00.o)
Scl_s_reg           0x28              ../../../segalib/lib/libsat.a(scl_func.o)
SclAutoGreen        0x2               ../../../segalib/lib/libsat.a(scl_pri.o)
SclAutoEndGreen     0x2               ../../../segalib/lib/libsat.a(scl_pri.o)
SclAutoCount        0x4               ../../../segalib/lib/libsat.a(scl_pri.o)
SclColRamAlloc256   0x20              ../../../segalib/lib/libsat.a(scl_pri.o)
SclRotateXy         0x8               ../../../segalib/lib/libsat.a(scl_func.o)
SclAutoCurRate      0x1               ../../../segalib/lib/libsat.a(scl_pri.o)
SclAutoPlusFlag     0x1               ../../../segalib/lib/libsat.a(scl_pri.o)
per_set_sys_flg     0x1               ../../../segalib/lib/libsat.a(per_prt.o)
Scl_d_reg           0x48              ../../../segalib/lib/libsat.a(scl_func.o)
SclRotateDisp       0x8               ../../../segalib/lib/libsat.a(scl_func.o)
SclSpColMix         0x8               ../../../segalib/lib/libsat.a(scl_pri.o)
SpDil               0x2               ../../../segalib/lib/libsat.a(spr_1c.o)
SclAutoMax          0x4               ../../../segalib/lib/libsat.a(scl_pri.o)
SclRotateMoveZ      0x8               ../../../segalib/lib/libsat.a(scl_func.o)
SclLineColRamOffset
                    0x4               ../../../segalib/lib/libsat.a(scl_pri.o)
SclRotXySw          0x4               ../../../segalib/lib/libsat.a(scl_func.o)
per_get_time_adr    0x4               ../../../segalib/lib/libsat.a(per_prt.o)
SclColRamAlloc2048  0x4               ../../../segalib/lib/libsat.a(scl_pri.o)
SclBgPriNum         0x6               ../../../segalib/lib/libsat.a(scl_pri.o)
SclAutoEndBlue      0x2               ../../../segalib/lib/libsat.a(scl_pri.o)
SclAutoEndGreen2    0x2               ../../../segalib/lib/libsat.a(scl_pri.o)
frameChgFlag        0x4               ../../../segalib/lib/libsat.a(scl_vblv.o)
Scl_r_reg           0x10              ../../../segalib/lib/libsat.a(scl_func.o)
SclRPMD             0x2               ../../../segalib/lib/libsat.a(scl_func.o)
SpDie               0x2               ../../../segalib/lib/libsat.a(spr_1c.o)
SclAutoVeFlag       0x1               ../../../segalib/lib/libsat.a(scl_pri.o)
SclBgColMix         0x8               ../../../segalib/lib/libsat.a(scl_pri.o)
per_get_sys_data    0xc               ../../../segalib/lib/libsat.a(per_prt.o)
SclRbgKtbOffset     0x8               ../../../segalib/lib/libsat.a(scl_func.o)
SclAutoIndex        0x4               ../../../segalib/lib/libsat.a(scl_pri.o)
SclAutoEndRate      0x1               ../../../segalib/lib/libsat.a(scl_pri.o)
SclAutoBlue         0x2               ../../../segalib/lib/libsat.a(scl_pri.o)
SpTvMode            0x2               ../../../segalib/lib/libsat.a(spr_1c.o)
SpScreenX           0x4               ../../../segalib/lib/libsat.a(spr_1c.o)
SclRa               0x1               ../../../segalib/lib/libsat.a(scl_func.o)
SclRotateZ          0x8               ../../../segalib/lib/libsat.a(scl_func.o)
SclAddrLsTbl        0x8               ../../../segalib/lib/libsat.a(scl_func.o)
SclK_TableNum       0x8               ../../../segalib/lib/libsat.a(scl_func.o)
SclAutoRed          0x2               ../../../segalib/lib/libsat.a(scl_pri.o)
SclAutoInterval     0x4               ../../../segalib/lib/libsat.a(scl_pri.o)
perFlag             0x4               ../../v_blank/set_vb.o
SclOtherPri         0x10              ../../../segalib/lib/libsat.a(scl_pri.o)
SclRotateTableAddress
                    0x4               ../../../segalib/lib/libsat.a(scl_func.o)
SclAutoRGB          0x600             ../../../segalib/lib/libsat.a(scl_pri.o)
SclK_TableFlag      0x4               ../../../segalib/lib/libsat.a(scl_func.o)
SclAutoEndRed2      0x2               ../../../segalib/lib/libsat.a(scl_pri.o)
SclCsy              0x8               ../../../segalib/lib/libsat.a(scl_ro00.o)
SclSpPriNum         0x8               ../../../segalib/lib/libsat.a(scl_pri.o)
Scl_w_reg           0x20              ../../../segalib/lib/libsat.a(scl_func.o)
Scl_n_reg           0x40              ../../../segalib/lib/libsat.a(scl_func.o)

Memory Configuration

Name             Origin             Length             Attributes
*default*        0x00000000         0xffffffff

Linker script and memory map

LOAD ../../entry/entry.o
LOAD ../../entry/stack.o
LOAD ../../v_blank/v_blank.o
LOAD ../../v_blank/set_vb.o
LOAD scldata.o
LOAD smpscl3.o
LOAD ../../../segalib/lib/libsat.a
LOAD c:/saturn/gcc84/bin/../lib/gcc/sh-elf/8.4.0\libgcc.a
LOAD c:/saturn/gcc84/bin/../lib/gcc/sh-elf/8.4.0\libgcc-Os-4-200.a
LOAD c:/saturn/gcc84/bin/../lib/gcc/sh-elf/8.4.0/../../../../sh-elf/lib\libc.a
LOAD c:/saturn/gcc84/bin/../lib/gcc/sh-elf/8.4.0\libgcc.a
LOAD c:/saturn/gcc84/bin/../lib/gcc/sh-elf/8.4.0\libgcc-Os-4-200.a

.entry          0x06010000       0x60
 *(.entry)
 .entry         0x06010000       0x50 ../../entry/entry.o
                0x06010000                entry
                0x06010060                . = ALIGN (0x20)
 *fill*         0x06010050       0x10 
                0x06010060                _eentry = ABSOLUTE (.)

.comment        0x00000000       0x11
 .comment       0x00000000       0x11 ../../v_blank/v_blank.o
                                 0x12 (size before relaxing)
 .comment       0x00000011       0x12 ../../v_blank/set_vb.o
 .comment       0x00000011       0x12 scldata.o
 .comment       0x00000011       0x12 smpscl3.o
 .comment       0x00000011       0x12 ../../../segalib/lib/libsat.a(per_prt.o)
 .comment       0x00000011       0x12 ../../../segalib/lib/libsat.a(scl_func.o)
 .comment       0x00000011       0x12 ../../../segalib/lib/libsat.a(scl_fu03.o)
 .comment       0x00000011       0x12 ../../../segalib/lib/libsat.a(scl_fu04.o)
 .comment       0x00000011       0x12 ../../../segalib/lib/libsat.a(scl_fu05.o)
 .comment       0x00000011       0x12 ../../../segalib/lib/libsat.a(scl_pri.o)
 .comment       0x00000011       0x12 ../../../segalib/lib/libsat.a(scl_ro00.o)
 .comment       0x00000011       0x12 ../../../segalib/lib/libsat.a(scl_vblv.o)
 .comment       0x00000011       0x12 ../../../segalib/lib/libsat.a(scl_pr02.o)
 .comment       0x00000011       0x12 ../../../segalib/lib/libsat.a(scl_pr03.o)
 .comment       0x00000011       0x12 ../../../segalib/lib/libsat.a(scl_pr05.o)
 .comment       0x00000011       0x12 ../../../segalib/lib/libsat.a(scl_pr06.o)
 .comment       0x00000011       0x12 ../../../segalib/lib/libsat.a(scl_pr07.o)
 .comment       0x00000011       0x12 ../../../segalib/lib/libsat.a(spr_1c.o)
 .comment       0x00000011       0x12 c:/saturn/gcc84/bin/../lib/gcc/sh-elf/8.4.0\libgcc.a(_mul_df.o)
 .comment       0x00000011       0x12 c:/saturn/gcc84/bin/../lib/gcc/sh-elf/8.4.0\libgcc.a(_si_to_df.o)
 .comment       0x00000011       0x12 c:/saturn/gcc84/bin/../lib/gcc/sh-elf/8.4.0\libgcc.a(_df_to_si.o)
 .comment       0x00000011       0x12 c:/saturn/gcc84/bin/../lib/gcc/sh-elf/8.4.0\libgcc.a(_thenan_df.o)
 .comment       0x00000011       0x12 c:/saturn/gcc84/bin/../lib/gcc/sh-elf/8.4.0\libgcc.a(_clzsi2.o)
 .comment       0x00000011       0x12 c:/saturn/gcc84/bin/../lib/gcc/sh-elf/8.4.0\libgcc.a(_pack_df.o)
 .comment       0x00000011       0x12 c:/saturn/gcc84/bin/../lib/gcc/sh-elf/8.4.0\libgcc.a(_unpack_df.o)
 .comment       0x00000011       0x12 c:/saturn/gcc84/bin/../lib/gcc/sh-elf/8.4.0\libgcc.a(_clz.o)

.text           0x06010060     0xba50
 *(.text)
 .text          0x06010060        0x0 ../../entry/entry.o
 .text          0x06010060        0x0 ../../entry/stack.o
 .text          0x06010060       0x78 ../../v_blank/v_blank.o
                0x06010060                UsrVblankStart
                0x06010074                UsrVblankEnd
 .text          0x060100d8       0xa4 ../../v_blank/set_vb.o
                0x060100d8                CheckVblankEnd
                0x060100e8                SetVblank
 .text          0x0601017c      0x27c scldata.o
                0x0601017c                MapCopyforVRAM2
                0x06010196                WordCopyforVRAM
                0x060101bc                MapCopyforVRAM
                0x060101e6                FirstData
                0x06010334                SecondData
 .text          0x060103f8      0x398 smpscl3.o
                0x060103f8                SetAutoLinePara
                0x060104d8                main
                0x06010748                ClrLinePara
 .text          0x06010790       0x78 ../../../segalib/lib/libsat.a(mth_fixd.o)
                0x06010790                MTH_Mul
                0x060107a4                MTH_Div
                0x060107b8                MTH_IntToFixed
                0x060107c0                MTH_FixedToInt
                0x060107c8                MTH_Product
 .text          0x06010808     0x1220 ../../../segalib/lib/libsat.a(per_prt.o)
                0x06010ce0                PER_IntFunc
                0x060116f4                PER_Init
                0x0601191c                PER_GetPer
 .text          0x06011a28      0x858 ../../../segalib/lib/libsat.a(scl_func.o)
                0x06011a28                SCL_ParametersInit
                0x06011b38                SCL_Vdp2Init
                0x06011ba8                SCL_Open
                0x06011bc4                SCL_Close
                0x06011bdc                SCL_MoveTo
                0x06011cec                SCL_Move
                0x06011e44                SCL_Scale
                0x06011f60                SCL_Memcpyw
                0x06011f86                SCL_CopyReg
                0x06012084                SCL_SetColRamMode
                0x060120dc                SCL_PriIntProc
                0x06012204                SCL_ScrollShow
 .text          0x06012280      0x728 ../../../segalib/lib/libsat.a(scl_fu03.o)
                0x06012280                SCL_InitConfigTb
                0x060122aa                SCL_SetConfig
 .text          0x060129a8       0x18 ../../../segalib/lib/libsat.a(scl_fu04.o)
                0x060129a8                SCL_SetCycleTable
 .text          0x060129c0      0x248 ../../../segalib/lib/libsat.a(scl_fu05.o)
                0x060129c0                SCL_InitLineParamTb
                0x06012a7c                SCL_SetLineParam
 .text          0x06012c08     0x13f0 ../../../segalib/lib/libsat.a(scl_pri.o)
                0x06012c08                SCL_PriorityInit
                0x060131f0                SCL_GetColRamMode
                0x0601320c                SCL_AbortAutoVe
                0x06013218                SCL_SetColMixRate
                0x06013874                SCL_IncColOffset
                0x060138f4                SCL_AutoExec
                0x06013e70                SCL_SetShadowBit
 .text          0x06013ff8     0x101c ../../../segalib/lib/libsat.a(scl_ro00.o)
                0x06014160                SCL_InitRotateTable
                0x060143f0                SCL_RotateZD
                0x06014548                SCL_Rotate
 .text          0x06015014      0x2cc ../../../segalib/lib/libsat.a(scl_vblv.o)
                0x06015014                SCL_SetFrameInterval
                0x060150cc                SCL_DisplayFrame
                0x060150fc                SCL_VblInit
                0x06015144                SCL_VblankStart
                0x0601522c                SCL_VblankEnd
 .text          0x060152e0       0x90 ../../../segalib/lib/libsat.a(scl_pr02.o)
                0x060152e0                SCL_SetColRam
 .text          0x06015370      0x144 ../../../segalib/lib/libsat.a(scl_pr03.o)
                0x06015370                SCL_FreeColRam
                0x06015398                SCL_AllocColRam
 .text          0x060154b4       0xa4 ../../../segalib/lib/libsat.a(scl_pr05.o)
                0x060154b4                SCL_GetColRamOffset
 .text          0x06015558      0x360 ../../../segalib/lib/libsat.a(scl_pr06.o)
                0x06015558                SCL_SetColRamOffset
 .text          0x060158b8      0x214 ../../../segalib/lib/libsat.a(scl_pr07.o)
                0x060158b8                SCL_SetPriority
 .text          0x06015acc      0x5d4 ../../../segalib/lib/libsat.a(mth_tri.o)
                0x06015acc                MTH_Sin
                0x06015b0c                MTH_Cos
                0x06015b50                fcos
                0x06015b56                fsin
                0x06015ce8                MTH_Atan
 .text          0x060160a0      0x25c ../../../segalib/lib/libsat.a(spr_1c.o)
                0x060160a0                SPR_SetTvMode
                0x0601612c                SPR_GetStatus
                0x06016180                SPR_SetEraseData
                0x06016220                SPR_Initial
                0x060162d8                SPR_WaitDrawEnd
                0x060162e8                SPR_SetEosMode
 .text          0x060162fc       0x52 c:/saturn/gcc84/bin/../lib/gcc/sh-elf/8.4.0\libgcc.a(_ashiftrt.o)
                0x060162fc                __ashiftrt_r4_31
                0x060162fc                __ashiftrt_r4_32
                0x06016302                __ashiftrt_r4_30
                0x06016304                __ashiftrt_r4_29
                0x06016306                __ashiftrt_r4_28
                0x06016308                __ashiftrt_r4_27
                0x0601630a                __ashiftrt_r4_26
                0x0601630c                __ashiftrt_r4_25
                0x0601630e                __ashiftrt_r4_24
                0x06016316                __ashiftrt_r4_23
                0x06016318                __ashiftrt_r4_22
                0x0601631a                __ashiftrt_r4_21
                0x0601631c                __ashiftrt_r4_20
                0x0601631e                __ashiftrt_r4_19
                0x06016320                __ashiftrt_r4_18
                0x06016322                __ashiftrt_r4_17
                0x06016324                __ashiftrt_r4_16
                0x0601632a                __ashiftrt_r4_15
                0x0601632c                __ashiftrt_r4_14
                0x0601632e                __ashiftrt_r4_13
                0x06016330                __ashiftrt_r4_12
                0x06016332                __ashiftrt_r4_11
                0x06016334                __ashiftrt_r4_10
                0x06016336                __ashiftrt_r4_9
                0x06016338                __ashiftrt_r4_8
                0x0601633a                __ashiftrt_r4_7
                0x0601633c                __ashiftrt_r4_6
                0x0601633e                __ashiftrt_r4_5
                0x06016340                __ashiftrt_r4_4
                0x06016342                __ashiftrt_r4_3
                0x06016344                __ashiftrt_r4_2
                0x06016346                __ashiftrt_r4_1
                0x0601634a                __ashiftrt_r4_0
 *fill*         0x0601634e        0x2 
 .text          0x06016350       0xbc c:/saturn/gcc84/bin/../lib/gcc/sh-elf/8.4.0\libgcc.a(_ashiftlt.o)
                0x06016350                __ashlsi3
                0x06016354                __ashlsi3_r0
 .text          0x0601640c       0x6c c:/saturn/gcc84/bin/../lib/gcc/sh-elf/8.4.0\libgcc.a(_udivsi3.o)
                0x0601642e                __udivsi3
 .text          0x06016478      0x208 c:/saturn/gcc84/bin/../lib/gcc/sh-elf/8.4.0\libgcc.a(_mul_df.o)
                0x06016478                __muldf3
 .text          0x06016680       0xa8 c:/saturn/gcc84/bin/../lib/gcc/sh-elf/8.4.0\libgcc.a(_si_to_df.o)
                0x06016680                __floatsidf
 .text          0x06016728       0xa4 c:/saturn/gcc84/bin/../lib/gcc/sh-elf/8.4.0\libgcc.a(_df_to_si.o)
                0x06016728                __fixdfsi
 .text          0x060167cc        0x0 c:/saturn/gcc84/bin/../lib/gcc/sh-elf/8.4.0\libgcc.a(_thenan_df.o)
 .text          0x060167cc       0xbc c:/saturn/gcc84/bin/../lib/gcc/sh-elf/8.4.0\libgcc.a(_lshiftrt.o)
                0x060167cc                __lshrsi3
                0x060167d0                __lshrsi3_r0
 .text          0x06016888       0x58 c:/saturn/gcc84/bin/../lib/gcc/sh-elf/8.4.0\libgcc.a(_clzsi2.o)
                0x06016888                __clzsi2
 .text          0x060168e0      0x25c c:/saturn/gcc84/bin/../lib/gcc/sh-elf/8.4.0\libgcc.a(_pack_df.o)
                0x060168e0                __pack_d
 .text          0x06016b3c       0xcc c:/saturn/gcc84/bin/../lib/gcc/sh-elf/8.4.0\libgcc.a(_unpack_df.o)
                0x06016b3c                __unpack_d
 .text          0x06016c08        0x0 c:/saturn/gcc84/bin/../lib/gcc/sh-elf/8.4.0\libgcc.a(_clz.o)
 *(.rodata)
 .rodata        0x06016c08     0x4d6c scldata.o
                0x06016c08                skyu_map
                0x06016e0c                skyu_col
                0x06016fcc                skyu_char
                0x060173cc                grandu_map
                0x060175cc                grandu_col
                0x06017974                grandu_char
 .rodata        0x0601b974       0x20 ../../../segalib/lib/libsat.a(spr_1c.o)
 .rodata        0x0601b994       0x14 c:/saturn/gcc84/bin/../lib/gcc/sh-elf/8.4.0\libgcc.a(_thenan_df.o)
                0x0601b994                __thenan_df
 .rodata        0x0601b9a8      0x100 c:/saturn/gcc84/bin/../lib/gcc/sh-elf/8.4.0\libgcc.a(_clz.o)
                0x0601b9a8                __clz_tab
 *(.strings)
                0x0601bab0                . = ALIGN (0x10)
 *fill*         0x0601baa8        0x8 
                0x0601bab0                _etext = ABSOLUTE (.)

.rela.dyn       0x0601bab0        0x0
 .rela.text     0x0601bab0        0x0 ../../v_blank/set_vb.o

.tors           0x0601bab0        0x0
                0x0601bab0                ___ctors = .
 *(.ctors)
                0x0601bab0                ___ctors_end = .
                0x0601bab0                ___dtors = .
 *(.dtors)
                0x0601bab0                ___dtors_end = .
                0x0601bab0                . = ALIGN (0x10)
                0x0601bab0                _etors = ABSOLUTE (.)

.data           0x0601bab0       0x40
 *(.data)
 .data          0x0601bab0        0x0 ../../entry/entry.o
 .data          0x0601bab0        0x0 ../../entry/stack.o
 .data          0x0601bab0        0x0 ../../v_blank/v_blank.o
 .data          0x0601bab0        0x0 ../../v_blank/set_vb.o
 .data          0x0601bab0        0x0 scldata.o
 .data          0x0601bab0       0x10 smpscl3.o
                0x0601bab0                CycleTb
 .data          0x0601bac0        0x0 ../../../segalib/lib/libsat.a(mth_fixd.o)
 .data          0x0601bac0        0x3 ../../../segalib/lib/libsat.a(per_prt.o)
 *fill*         0x0601bac3        0x1 
 .data          0x0601bac4        0x6 ../../../segalib/lib/libsat.a(scl_func.o)
                0x0601bac4                SclRotateTableMode
                0x0601bac6                SclDisplayY
                0x0601bac8                SclDisplayX
 .data          0x0601baca        0x0 ../../../segalib/lib/libsat.a(scl_fu03.o)
 .data          0x0601baca        0x0 ../../../segalib/lib/libsat.a(scl_fu04.o)
 .data          0x0601baca        0x0 ../../../segalib/lib/libsat.a(scl_fu05.o)
 *fill*         0x0601baca        0x2 
 .data          0x0601bacc       0x18 ../../../segalib/lib/libsat.a(scl_pri.o)
                0x0601bacc                SclRealColOffset
                0x0601bad0                SclRealBgColMix
                0x0601bad4                SclRealSpColMix
                0x0601bad8                SclRealBgPriNum
                0x0601badc                SclRealSpPriNum
                0x0601bae0                SclRealOtherPri
 .data          0x0601bae4        0x0 ../../../segalib/lib/libsat.a(scl_ro00.o)
 .data          0x0601bae4        0x8 ../../../segalib/lib/libsat.a(scl_vblv.o)
                0x0601bae4                VBInterval
                0x0601bae8                SpFrameEraseMode
 .data          0x0601baec        0x0 ../../../segalib/lib/libsat.a(scl_pr02.o)
 .data          0x0601baec        0x0 ../../../segalib/lib/libsat.a(scl_pr03.o)
 .data          0x0601baec        0x0 ../../../segalib/lib/libsat.a(scl_pr05.o)
 .data          0x0601baec        0x0 ../../../segalib/lib/libsat.a(scl_pr06.o)
 .data          0x0601baec        0x0 ../../../segalib/lib/libsat.a(scl_pr07.o)
 .data          0x0601baec        0x0 ../../../segalib/lib/libsat.a(mth_tri.o)
 .data          0x0601baec        0x0 ../../../segalib/lib/libsat.a(spr_1c.o)
 .data          0x0601baec        0x0 c:/saturn/gcc84/bin/../lib/gcc/sh-elf/8.4.0\libgcc.a(_ashiftrt.o)
 .data          0x0601baec        0x0 c:/saturn/gcc84/bin/../lib/gcc/sh-elf/8.4.0\libgcc.a(_ashiftlt.o)
 .data          0x0601baec        0x0 c:/saturn/gcc84/bin/../lib/gcc/sh-elf/8.4.0\libgcc.a(_udivsi3.o)
 .data          0x0601baec        0x0 c:/saturn/gcc84/bin/../lib/gcc/sh-elf/8.4.0\libgcc.a(_mul_df.o)
 .data          0x0601baec        0x0 c:/saturn/gcc84/bin/../lib/gcc/sh-elf/8.4.0\libgcc.a(_si_to_df.o)
 .data          0x0601baec        0x0 c:/saturn/gcc84/bin/../lib/gcc/sh-elf/8.4.0\libgcc.a(_df_to_si.o)
 .data          0x0601baec        0x0 c:/saturn/gcc84/bin/../lib/gcc/sh-elf/8.4.0\libgcc.a(_thenan_df.o)
 .data          0x0601baec        0x0 c:/saturn/gcc84/bin/../lib/gcc/sh-elf/8.4.0\libgcc.a(_lshiftrt.o)
 .data          0x0601baec        0x0 c:/saturn/gcc84/bin/../lib/gcc/sh-elf/8.4.0\libgcc.a(_clzsi2.o)
 .data          0x0601baec        0x0 c:/saturn/gcc84/bin/../lib/gcc/sh-elf/8.4.0\libgcc.a(_pack_df.o)
 .data          0x0601baec        0x0 c:/saturn/gcc84/bin/../lib/gcc/sh-elf/8.4.0\libgcc.a(_unpack_df.o)
 .data          0x0601baec        0x0 c:/saturn/gcc84/bin/../lib/gcc/sh-elf/8.4.0\libgcc.a(_clz.o)
                0x0601baf0                . = ALIGN (0x10)
 *fill*         0x0601baec        0x4 
                0x0601baf0                _edata = ABSOLUTE (.)

.bss            0x0601baf0     0x3000
                0x0601baf0                _bss_start = .
 *(.bss)
 .bss           0x0601baf0        0x0 ../../entry/entry.o
 .bss           0x0601baf0        0x0 ../../entry/stack.o
 .bss           0x0601baf0        0x8 ../../v_blank/v_blank.o
                0x0601baf0                PadData2E
                0x0601baf2                PadData2
                0x0601baf4                PadData1E
                0x0601baf6                PadData1
 .bss           0x0601baf8        0x0 ../../v_blank/set_vb.o
 .bss           0x0601baf8        0x0 scldata.o
 .bss           0x0601baf8        0x0 smpscl3.o
 .bss           0x0601baf8        0x0 ../../../segalib/lib/libsat.a(mth_fixd.o)
 .bss           0x0601baf8       0x6b ../../../segalib/lib/libsat.a(per_prt.o)
                0x0601baf8                per_hot_res
                0x0601baf9                per_time_out_flg
 *fill*         0x0601bb63        0x1 
 .bss           0x0601bb64       0x10 ../../../segalib/lib/libsat.a(scl_func.o)
                0x0601bb64                SclProcess
                0x0601bb68                SclCurSclNum
                0x0601bb6c                SclLengthCsTbl
                0x0601bb6e                SclLengthLsTbl
 .bss           0x0601bb74        0x0 ../../../segalib/lib/libsat.a(scl_fu03.o)
 .bss           0x0601bb74        0x0 ../../../segalib/lib/libsat.a(scl_fu04.o)
 .bss           0x0601bb74     0x1900 ../../../segalib/lib/libsat.a(scl_fu05.o)
 .bss           0x0601d474        0x0 ../../../segalib/lib/libsat.a(scl_pri.o)
 .bss           0x0601d474       0x48 ../../../segalib/lib/libsat.a(scl_ro00.o)
 .bss           0x0601d4bc       0x12 ../../../segalib/lib/libsat.a(scl_vblv.o)
                0x0601d4bc                VBIntrDisableDepth
                0x0601d4c0                ReqDisplayFlag2
                0x0601d4c4                ReqDisplayFlag1
                0x0601d4c8                VBIntervalCounter
                0x0601d4cc                SpFrameChgMode
 .bss           0x0601d4ce        0x0 ../../../segalib/lib/libsat.a(scl_pr02.o)
 .bss           0x0601d4ce        0x0 ../../../segalib/lib/libsat.a(scl_pr03.o)
 .bss           0x0601d4ce        0x0 ../../../segalib/lib/libsat.a(scl_pr05.o)
 .bss           0x0601d4ce        0x0 ../../../segalib/lib/libsat.a(scl_pr06.o)
 .bss           0x0601d4ce        0x0 ../../../segalib/lib/libsat.a(scl_pr07.o)
 .bss           0x0601d4ce        0x0 ../../../segalib/lib/libsat.a(mth_tri.o)
 *fill*         0x0601d4ce        0x2 
 .bss           0x0601d4d0       0x10 ../../../segalib/lib/libsat.a(spr_1c.o)
                0x0601d4d0                SpInitialFlag
 .bss           0x0601d4e0        0x0 c:/saturn/gcc84/bin/../lib/gcc/sh-elf/8.4.0\libgcc.a(_ashiftrt.o)
 .bss           0x0601d4e0        0x0 c:/saturn/gcc84/bin/../lib/gcc/sh-elf/8.4.0\libgcc.a(_ashiftlt.o)
 .bss           0x0601d4e0        0x0 c:/saturn/gcc84/bin/../lib/gcc/sh-elf/8.4.0\libgcc.a(_udivsi3.o)
 .bss           0x0601d4e0        0x0 c:/saturn/gcc84/bin/../lib/gcc/sh-elf/8.4.0\libgcc.a(_mul_df.o)
 .bss           0x0601d4e0        0x0 c:/saturn/gcc84/bin/../lib/gcc/sh-elf/8.4.0\libgcc.a(_si_to_df.o)
 .bss           0x0601d4e0        0x0 c:/saturn/gcc84/bin/../lib/gcc/sh-elf/8.4.0\libgcc.a(_df_to_si.o)
 .bss           0x0601d4e0        0x0 c:/saturn/gcc84/bin/../lib/gcc/sh-elf/8.4.0\libgcc.a(_thenan_df.o)
 .bss           0x0601d4e0        0x0 c:/saturn/gcc84/bin/../lib/gcc/sh-elf/8.4.0\libgcc.a(_lshiftrt.o)
 .bss           0x0601d4e0        0x0 c:/saturn/gcc84/bin/../lib/gcc/sh-elf/8.4.0\libgcc.a(_clzsi2.o)
 .bss           0x0601d4e0        0x0 c:/saturn/gcc84/bin/../lib/gcc/sh-elf/8.4.0\libgcc.a(_pack_df.o)
 .bss           0x0601d4e0        0x0 c:/saturn/gcc84/bin/../lib/gcc/sh-elf/8.4.0\libgcc.a(_unpack_df.o)
 .bss           0x0601d4e0        0x0 c:/saturn/gcc84/bin/../lib/gcc/sh-elf/8.4.0\libgcc.a(_clz.o)
 *(COMMON)
 COMMON         0x0601d4e0       0x1c ../../v_blank/v_blank.o
                0x0601d4e0                PadWorkArea
 COMMON         0x0601d4fc        0x4 ../../v_blank/set_vb.o
                0x0601d4fc                perFlag
 COMMON         0x0601d500       0x14 ../../../segalib/lib/libsat.a(per_prt.o)
                0x0601d500                per_set_sys_flg
                0x0601d504                per_get_time_adr
                0x0601d508                per_get_sys_data
 COMMON         0x0601d514      0xf10 ../../../segalib/lib/libsat.a(scl_func.o)
                0x0601d514                SclRbgKtbAddr
                0x0601d51c                SclRb
                0x0601d51e                SclK_TableBuff
                0x0601e1f0                SclRotregBuff
                0x0601e2f0                SclAddrCsTbl
                0x0601e2f8                Scl_s_reg
                0x0601e320                SclRotateXy
                0x0601e328                Scl_d_reg
                0x0601e370                SclRotateDisp
                0x0601e378                SclRotateMoveZ
                0x0601e380                SclRotXySw
                0x0601e384                Scl_r_reg
                0x0601e394                SclRPMD
                0x0601e398                SclRbgKtbOffset
                0x0601e3a0                SclRa
                0x0601e3a4                SclRotateZ
                0x0601e3ac                SclAddrLsTbl
                0x0601e3b4                SclK_TableNum
                0x0601e3bc                SclRotateTableAddress
                0x0601e3c0                SclK_TableFlag
                0x0601e3c4                Scl_w_reg
                0x0601e3e4                Scl_n_reg
 COMMON         0x0601e424      0x69e ../../../segalib/lib/libsat.a(scl_pri.o)
                0x0601e424                SclAutoEndBlue2
                0x0601e426                SclColOffset
                0x0601e438                SclPriBuffDirty
                0x0601e43c                SclAutoEndRed
                0x0601e440                SclAutoSurface
                0x0601e444                SclAutoGreen
                0x0601e446                SclAutoEndGreen
                0x0601e448                SclAutoCount
                0x0601e44c                SclColRamAlloc256
                0x0601e46c                SclAutoCurRate
                0x0601e46d                SclAutoPlusFlag
                0x0601e46e                SclSpColMix
                0x0601e478                SclAutoMax
                0x0601e47c                SclLineColRamOffset
                0x0601e480                SclColRamAlloc2048
                0x0601e484                SclBgPriNum
                0x0601e48a                SclAutoEndBlue
                0x0601e48c                SclAutoEndGreen2
                0x0601e48e                SclAutoVeFlag
                0x0601e490                SclBgColMix
                0x0601e498                SclAutoIndex
                0x0601e49c                SclAutoEndRate
                0x0601e49e                SclAutoBlue
                0x0601e4a0                SclAutoRed
                0x0601e4a4                SclAutoInterval
                0x0601e4a8                SclOtherPri
                0x0601e4b8                SclAutoRGB
                0x0601eab8                SclAutoEndRed2
                0x0601eaba                SclSpPriNum
 *fill*         0x0601eac2        0x2 
 COMMON         0x0601eac4       0x10 ../../../segalib/lib/libsat.a(scl_ro00.o)
                0x0601eac4                SclCsx
                0x0601eacc                SclCsy
 COMMON         0x0601ead4        0x4 ../../../segalib/lib/libsat.a(scl_vblv.o)
                0x0601ead4                frameChgFlag
 COMMON         0x0601ead8       0x10 ../../../segalib/lib/libsat.a(spr_1c.o)
                0x0601ead8                SpScreenY
                0x0601eadc                SpFbcrMode
                0x0601eade                SpDil
                0x0601eae0                SpDie
                0x0601eae2                SpTvMode
                0x0601eae4                SpScreenX
                0x0601eae8                _bss_end = .
                0x0601eaf0                . = ALIGN (0x10)
 *fill*         0x0601eae8        0x8 
                0x0601eaf0                _end = ABSOLUTE (.)

.stack          0x0601eaf0     0x2000
 *(.stack)
 .stack         0x0601eaf0     0x2000 ../../entry/stack.o
                0x0601eaf0                PROG_STK
                0x06020af0                _stack = .
OUTPUT(smpscl3.elf elf32-sh)

.debug_info     0x00000000     0x2458
 .debug_info    0x00000000      0x6e9 c:/saturn/gcc84/bin/../lib/gcc/sh-elf/8.4.0\libgcc.a(_mul_df.o)
 .debug_info    0x000006e9      0x494 c:/saturn/gcc84/bin/../lib/gcc/sh-elf/8.4.0\libgcc.a(_si_to_df.o)
 .debug_info    0x00000b7d      0x4ce c:/saturn/gcc84/bin/../lib/gcc/sh-elf/8.4.0\libgcc.a(_df_to_si.o)
 .debug_info    0x0000104b      0x391 c:/saturn/gcc84/bin/../lib/gcc/sh-elf/8.4.0\libgcc.a(_thenan_df.o)
 .debug_info    0x000013dc      0x3da c:/saturn/gcc84/bin/../lib/gcc/sh-elf/8.4.0\libgcc.a(_clzsi2.o)
 .debug_info    0x000017b6      0x4d4 c:/saturn/gcc84/bin/../lib/gcc/sh-elf/8.4.0\libgcc.a(_pack_df.o)
 .debug_info    0x00001c8a      0x45d c:/saturn/gcc84/bin/../lib/gcc/sh-elf/8.4.0\libgcc.a(_unpack_df.o)
 .debug_info    0x000020e7      0x371 c:/saturn/gcc84/bin/../lib/gcc/sh-elf/8.4.0\libgcc.a(_clz.o)

.debug_abbrev   0x00000000      0xc8b
 .debug_abbrev  0x00000000      0x27c c:/saturn/gcc84/bin/../lib/gcc/sh-elf/8.4.0\libgcc.a(_mul_df.o)
 .debug_abbrev  0x0000027c      0x1fb c:/saturn/gcc84/bin/../lib/gcc/sh-elf/8.4.0\libgcc.a(_si_to_df.o)
 .debug_abbrev  0x00000477      0x1bb c:/saturn/gcc84/bin/../lib/gcc/sh-elf/8.4.0\libgcc.a(_df_to_si.o)
 .debug_abbrev  0x00000632      0x11c c:/saturn/gcc84/bin/../lib/gcc/sh-elf/8.4.0\libgcc.a(_thenan_df.o)
 .debug_abbrev  0x0000074e      0x118 c:/saturn/gcc84/bin/../lib/gcc/sh-elf/8.4.0\libgcc.a(_clzsi2.o)
 .debug_abbrev  0x00000866      0x1cb c:/saturn/gcc84/bin/../lib/gcc/sh-elf/8.4.0\libgcc.a(_pack_df.o)
 .debug_abbrev  0x00000a31      0x18b c:/saturn/gcc84/bin/../lib/gcc/sh-elf/8.4.0\libgcc.a(_unpack_df.o)
 .debug_abbrev  0x00000bbc       0xcf c:/saturn/gcc84/bin/../lib/gcc/sh-elf/8.4.0\libgcc.a(_clz.o)

.debug_loc      0x00000000      0xa6e
 .debug_loc     0x00000000      0x4d5 c:/saturn/gcc84/bin/../lib/gcc/sh-elf/8.4.0\libgcc.a(_mul_df.o)
 .debug_loc     0x000004d5       0xd1 c:/saturn/gcc84/bin/../lib/gcc/sh-elf/8.4.0\libgcc.a(_si_to_df.o)
 .debug_loc     0x000005a6       0x3b c:/saturn/gcc84/bin/../lib/gcc/sh-elf/8.4.0\libgcc.a(_df_to_si.o)
 .debug_loc     0x000005e1       0xa6 c:/saturn/gcc84/bin/../lib/gcc/sh-elf/8.4.0\libgcc.a(_clzsi2.o)
 .debug_loc     0x00000687      0x332 c:/saturn/gcc84/bin/../lib/gcc/sh-elf/8.4.0\libgcc.a(_pack_df.o)
 .debug_loc     0x000009b9       0xb5 c:/saturn/gcc84/bin/../lib/gcc/sh-elf/8.4.0\libgcc.a(_unpack_df.o)

.debug_aranges  0x00000000       0xf0
 .debug_aranges
                0x00000000       0x20 c:/saturn/gcc84/bin/../lib/gcc/sh-elf/8.4.0\libgcc.a(_mul_df.o)
 .debug_aranges
                0x00000020       0x20 c:/saturn/gcc84/bin/../lib/gcc/sh-elf/8.4.0\libgcc.a(_si_to_df.o)
 .debug_aranges
                0x00000040       0x20 c:/saturn/gcc84/bin/../lib/gcc/sh-elf/8.4.0\libgcc.a(_df_to_si.o)
 .debug_aranges
                0x00000060       0x18 c:/saturn/gcc84/bin/../lib/gcc/sh-elf/8.4.0\libgcc.a(_thenan_df.o)
 .debug_aranges
                0x00000078       0x20 c:/saturn/gcc84/bin/../lib/gcc/sh-elf/8.4.0\libgcc.a(_clzsi2.o)
 .debug_aranges
                0x00000098       0x20 c:/saturn/gcc84/bin/../lib/gcc/sh-elf/8.4.0\libgcc.a(_pack_df.o)
 .debug_aranges
                0x000000b8       0x20 c:/saturn/gcc84/bin/../lib/gcc/sh-elf/8.4.0\libgcc.a(_unpack_df.o)
 .debug_aranges
                0x000000d8       0x18 c:/saturn/gcc84/bin/../lib/gcc/sh-elf/8.4.0\libgcc.a(_clz.o)

.debug_ranges   0x00000000      0x1d0
 .debug_ranges  0x00000000       0xc0 c:/saturn/gcc84/bin/../lib/gcc/sh-elf/8.4.0\libgcc.a(_mul_df.o)
 .debug_ranges  0x000000c0       0x48 c:/saturn/gcc84/bin/../lib/gcc/sh-elf/8.4.0\libgcc.a(_si_to_df.o)
 .debug_ranges  0x00000108       0x38 c:/saturn/gcc84/bin/../lib/gcc/sh-elf/8.4.0\libgcc.a(_clzsi2.o)
 .debug_ranges  0x00000140       0x90 c:/saturn/gcc84/bin/../lib/gcc/sh-elf/8.4.0\libgcc.a(_pack_df.o)

.debug_line     0x00000000      0xd95
 .debug_line    0x00000000      0x358 c:/saturn/gcc84/bin/../lib/gcc/sh-elf/8.4.0\libgcc.a(_mul_df.o)
 .debug_line    0x00000358      0x1a1 c:/saturn/gcc84/bin/../lib/gcc/sh-elf/8.4.0\libgcc.a(_si_to_df.o)
 .debug_line    0x000004f9      0x159 c:/saturn/gcc84/bin/../lib/gcc/sh-elf/8.4.0\libgcc.a(_df_to_si.o)
 .debug_line    0x00000652       0xb6 c:/saturn/gcc84/bin/../lib/gcc/sh-elf/8.4.0\libgcc.a(_thenan_df.o)
 .debug_line    0x00000708      0x14e c:/saturn/gcc84/bin/../lib/gcc/sh-elf/8.4.0\libgcc.a(_clzsi2.o)
 .debug_line    0x00000856      0x29e c:/saturn/gcc84/bin/../lib/gcc/sh-elf/8.4.0\libgcc.a(_pack_df.o)
 .debug_line    0x00000af4      0x1ad c:/saturn/gcc84/bin/../lib/gcc/sh-elf/8.4.0\libgcc.a(_unpack_df.o)
 .debug_line    0x00000ca1       0xf4 c:/saturn/gcc84/bin/../lib/gcc/sh-elf/8.4.0\libgcc.a(_clz.o)

.debug_str      0x00000000      0x695
 .debug_str     0x00000000      0x5a2 c:/saturn/gcc84/bin/../lib/gcc/sh-elf/8.4.0\libgcc.a(_mul_df.o)
                                0x5fa (size before relaxing)
 .debug_str     0x000005a2       0x27 c:/saturn/gcc84/bin/../lib/gcc/sh-elf/8.4.0\libgcc.a(_si_to_df.o)
                                0x592 (size before relaxing)
 .debug_str     0x000005c9        0xa c:/saturn/gcc84/bin/../lib/gcc/sh-elf/8.4.0\libgcc.a(_df_to_si.o)
                                0x5af (size before relaxing)
 .debug_str     0x000005d3      0x545 c:/saturn/gcc84/bin/../lib/gcc/sh-elf/8.4.0\libgcc.a(_thenan_df.o)
 .debug_str     0x000005d3       0xbb c:/saturn/gcc84/bin/../lib/gcc/sh-elf/8.4.0\libgcc.a(_clzsi2.o)
                                0x555 (size before relaxing)
 .debug_str     0x0000068e        0x7 c:/saturn/gcc84/bin/../lib/gcc/sh-elf/8.4.0\libgcc.a(_pack_df.o)
                                0x5a3 (size before relaxing)
 .debug_str     0x00000695      0x585 c:/saturn/gcc84/bin/../lib/gcc/sh-elf/8.4.0\libgcc.a(_unpack_df.o)
 .debug_str     0x00000695      0x538 c:/saturn/gcc84/bin/../lib/gcc/sh-elf/8.4.0\libgcc.a(_clz.o)

.debug_frame    0x00000000      0x1c4
 .debug_frame   0x00000000       0x98 c:/saturn/gcc84/bin/../lib/gcc/sh-elf/8.4.0\libgcc.a(_mul_df.o)
 .debug_frame   0x00000098       0x3c c:/saturn/gcc84/bin/../lib/gcc/sh-elf/8.4.0\libgcc.a(_si_to_df.o)
 .debug_frame   0x000000d4       0x44 c:/saturn/gcc84/bin/../lib/gcc/sh-elf/8.4.0\libgcc.a(_df_to_si.o)
 .debug_frame   0x00000118       0x20 c:/saturn/gcc84/bin/../lib/gcc/sh-elf/8.4.0\libgcc.a(_clzsi2.o)
 .debug_frame   0x00000138       0x6c c:/saturn/gcc84/bin/../lib/gcc/sh-elf/8.4.0\libgcc.a(_pack_df.o)
 .debug_frame   0x000001a4       0x20 c:/saturn/gcc84/bin/../lib/gcc/sh-elf/8.4.0\libgcc.a(_unpack_df.o)
